// Jest Snapshot v1, https://goo.gl/fbAQLP

exports[`Home snapshot 1`] = `
<div>
  <div
    className="sc-bdVaJa cpMCnx"
  >
    <input
      className="sc-bwzfXH iYnflE"
      onChange={null}
      onKeyPress={[Function]}
      placeholder="What are you looking for..."
      type="text"
    />
  </div>
  <div
    className="content"
  >
    <div
      className="contentItem"
    >
      <img
        alt="Favorite"
        className="favButton"
        onClick={[Function]}
        src="no-fav.svg"
      />
      <img
        alt="title1"
        className="imgContent"
        onClick={[Function]}
        src="srcImage"
      />
    </div>
  </div>
</div>
`;
