// Jest Snapshot v1, https://goo.gl/fbAQLP

exports[`Home snapshot 1`] = `
<div>
  <div
    className="sc-bdVaJa cpMCnx"
  >
    <input
      className="sc-bwzfXH iYnflE"
      onChange={[Function]}
      onKeyPress={null}
      placeholder="What are you looking for..."
      type="text"
    />
  </div>
  <div
    className="sc-bZQynM loJkTV"
  >
    <div>
       No Favorites 
    </div>
  </div>
</div>
`;
