// Jest Snapshot v1, https://goo.gl/fbAQLP

exports[`Searchbar snapshot 1`] = `
<div
  className="sc-bdVaJa cpMCnx"
>
  <input
    className="sc-bwzfXH iYnflE"
    onChange={null}
    onKeyPress={null}
    placeholder="What are you looking for..."
    type="text"
  />
</div>
`;
